// Jest Snapshot v1, https://goo.gl/fbAQLP

exports[`Home Component Component renders 1`] = `
<div
  className="home"
>
  <img
    alt="React/Redux Serverless"
    onClick={[Function]}
    src="/images/koala.png"
  />
  <div
    className="ant-row"
    style={undefined}
  >
    <div
      className="ant-col-xs-8 ant-col-md-8"
    >
      <button
        className="ant-btn ant-btn-primary ant-btn-background-ghost"
        onClick={[Function]}
        onMouseUp={[Function]}
        type="button"
      >
        <span>
          Click
        </span>
      </button>
    </div>
    <div
      className="ant-col-xs-8 ant-col-md-8"
    >
      <button
        className="ant-btn ant-btn-danger ant-btn-background-ghost"
        onClick={[Function]}
        onMouseUp={[Function]}
        style={
          Object {
            "height": "100% ",
          }
        }
        type="button"
      >
        <span>
          Double Click 
        </span>
        <br />
        <small>
          (1s delay)
        </small>
      </button>
    </div>
    <div
      className="ant-col-xs-8 ant-col-md-8"
    >
      <span
        className="ant-badge"
        title={null}
      >
        Counter
      </span>
    </div>
  </div>
</div>
`;

exports[`Home Component Renders 1`] = `
<div
  className="home"
>
  <img
    alt="React/Redux Serverless"
    onClick={[Function]}
    src="/images/koala.png"
  />
  <div
    className="ant-row"
    style={undefined}
  >
    <div
      className="ant-col-xs-8 ant-col-md-8"
    >
      <button
        className="ant-btn ant-btn-primary ant-btn-background-ghost"
        onClick={[Function]}
        onMouseUp={[Function]}
        type="button"
      >
        <span>
          Click
        </span>
      </button>
    </div>
    <div
      className="ant-col-xs-8 ant-col-md-8"
    >
      <button
        className="ant-btn ant-btn-danger ant-btn-background-ghost"
        onClick={[Function]}
        onMouseUp={[Function]}
        style={
          Object {
            "height": "100% ",
          }
        }
        type="button"
      >
        <span>
          Double Click 
        </span>
        <br />
        <small>
          (1s delay)
        </small>
      </button>
    </div>
    <div
      className="ant-col-xs-8 ant-col-md-8"
    >
      <span
        className="ant-badge"
        title={null}
      >
        Counter
      </span>
    </div>
  </div>
</div>
`;
